// Jest Snapshot v1, https://goo.gl/fbAQLP

exports[`displays error if occurs 1`] = `[Function]`;
